#-----------------------------------------------------------
# Vivado v2024.1 (64-bit)
# SW Build 5076996 on Wed May 22 18:37:14 MDT 2024
# IP Build 5075265 on Wed May 22 21:45:21 MDT 2024
# SharedData Build 5076995 on Wed May 22 18:29:18 MDT 2024
# Start of session at: Tue Oct 14 12:11:01 2025
# Process ID: 15440
# Current directory: C:/Users/nikno/Documents/DATAPROSJEKT/VGA_prosjekt
# Command line: vivado.exe -mode batch -source create_clk_wiz.tcl
# Log file: C:/Users/nikno/Documents/DATAPROSJEKT/VGA_prosjekt/vivado.log
# Journal file: C:/Users/nikno/Documents/DATAPROSJEKT/VGA_prosjekt\vivado.jou
# Running On        :NN-14
# Platform          :Windows Server 2016 or Windows 10
# Operating System  :26100
# Processor Detail  :AMD Ryzen 9 8945HS w/ Radeon 780M Graphics
# CPU Frequency     :3992 MHz
# CPU Physical cores:8
# CPU Logical cores :16
# Host memory       :33601 MB
# Swap memory       :2147 MB
# Total Virtual     :35749 MB
# Available Virtual :14211 MB
#-----------------------------------------------------------
source create_clk_wiz.tcl
